---
source: src/parser.tests.rs
expression: ast
---
Ok(
    Span {
        offset: 0..16,
        pos: Pos {
            line: 0,
            col: 0,
        }..Pos {
            line: 0,
            col: 16,
        },
        node: Let {
            keyword: Token {
                sigil: Keyword(
                    Let,
                ),
                offset: 0..3,
                pos: Pos {
                    line: 0,
                    col: 0,
                }..Pos {
                    line: 0,
                    col: 3,
                },
            },
            pat: Span {
                offset: 4..10,
                pos: Pos {
                    line: 0,
                    col: 4,
                }..Pos {
                    line: 0,
                    col: 10,
                },
                node: Obj {
                    brace_l: Token {
                        sigil: CurlyL,
                        offset: 4..5,
                        pos: Pos {
                            line: 0,
                            col: 4,
                        }..Pos {
                            line: 0,
                            col: 5,
                        },
                    },
                    props: [
                        (
                            "x",
                            Span {
                                offset: 8..9,
                                pos: Pos {
                                    line: 0,
                                    col: 8,
                                }..Pos {
                                    line: 0,
                                    col: 9,
                                },
                                node: Ident {
                                    name: "y",
                                },
                            },
                        ),
                    ],
                    brace_r: Token {
                        sigil: CurlyR,
                        offset: 9..10,
                        pos: Pos {
                            line: 0,
                            col: 9,
                        }..Pos {
                            line: 0,
                            col: 10,
                        },
                    },
                },
            },
            eq_tok: Token {
                sigil: Eq,
                offset: 11..12,
                pos: Pos {
                    line: 0,
                    col: 11,
                }..Pos {
                    line: 0,
                    col: 12,
                },
            },
            init: Span {
                offset: 13..16,
                pos: Pos {
                    line: 0,
                    col: 13,
                }..Pos {
                    line: 0,
                    col: 16,
                },
                node: Var {
                    name: "obj",
                },
            },
        },
    },
)
