---
source: src/parser.tests.rs
expression: ast
---
Ok(
    Span {
        offset: 0..10,
        pos: Pos {
            line: 0,
            col: 0,
        }..Pos {
            line: 0,
            col: 10,
        },
        node: BinOp {
            left: Span {
                offset: 0..1,
                pos: Pos {
                    line: 0,
                    col: 0,
                }..Pos {
                    line: 0,
                    col: 1,
                },
                node: Num {
                    val: 1.0,
                },
            },
            op: Add,
            op_tok: Token {
                sigil: Plus,
                offset: 2..3,
                pos: Pos {
                    line: 0,
                    col: 2,
                }..Pos {
                    line: 0,
                    col: 3,
                },
            },
            right: Span {
                offset: 4..10,
                pos: Pos {
                    line: 0,
                    col: 4,
                }..Pos {
                    line: 0,
                    col: 10,
                },
                node: BinOp {
                    left: Span {
                        offset: 4..6,
                        pos: Pos {
                            line: 0,
                            col: 4,
                        }..Pos {
                            line: 0,
                            col: 6,
                        },
                        node: UnaryOp {
                            op: Neg,
                            op_tok: Token {
                                sigil: Minus,
                                offset: 4..5,
                                pos: Pos {
                                    line: 0,
                                    col: 4,
                                }..Pos {
                                    line: 0,
                                    col: 5,
                                },
                            },
                            expr: Span {
                                offset: 5..6,
                                pos: Pos {
                                    line: 0,
                                    col: 5,
                                }..Pos {
                                    line: 0,
                                    col: 6,
                                },
                                node: Num {
                                    val: 2.0,
                                },
                            },
                        },
                    },
                    op: Mul,
                    op_tok: Token {
                        sigil: Star,
                        offset: 7..8,
                        pos: Pos {
                            line: 0,
                            col: 7,
                        }..Pos {
                            line: 0,
                            col: 8,
                        },
                    },
                    right: Span {
                        offset: 9..10,
                        pos: Pos {
                            line: 0,
                            col: 9,
                        }..Pos {
                            line: 0,
                            col: 10,
                        },
                        node: Num {
                            val: 3.0,
                        },
                    },
                },
            },
        },
    },
)
