---
source: src/lexer.tests.rs
expression: tokens
---
[
    Token {
        sigil: Ident {
            name: "x",
        },
        range: Pos {
            offset: 1,
            line: 0,
            col: 1,
        }..Pos {
            offset: 2,
            line: 0,
            col: 2,
        },
    },
    Token {
        sigil: Eq,
        range: Pos {
            offset: 3,
            line: 0,
            col: 3,
        }..Pos {
            offset: 4,
            line: 0,
            col: 4,
        },
    },
    Token {
        sigil: Num {
            val: 5.5,
        },
        range: Pos {
            offset: 5,
            line: 0,
            col: 5,
        }..Pos {
            offset: 8,
            line: 0,
            col: 8,
        },
    },
]
