---
source: src/parser.tests.rs
expression: ast
---
Ok(
    Span {
        offset: 9..78,
        pos: Pos {
            line: 1,
            col: 8,
        }..Pos {
            line: 3,
            col: 20,
        },
        node: If {
            keyword: Token {
                sigil: Keyword(
                    If,
                ),
                offset: 9..11,
                pos: Pos {
                    line: 1,
                    col: 8,
                }..Pos {
                    line: 1,
                    col: 10,
                },
            },
            condition: Span {
                offset: 12..13,
                pos: Pos {
                    line: 1,
                    col: 11,
                }..Pos {
                    line: 1,
                    col: 12,
                },
                node: Var {
                    name: "x",
                },
            },
            then_keyword: Token {
                sigil: Keyword(
                    Then,
                ),
                offset: 14..18,
                pos: Pos {
                    line: 1,
                    col: 13,
                }..Pos {
                    line: 1,
                    col: 17,
                },
            },
            cons_branch: Span {
                offset: 19..26,
                pos: Pos {
                    line: 1,
                    col: 18,
                }..Pos {
                    line: 1,
                    col: 25,
                },
                node: Print {
                    keyword: Token {
                        sigil: Keyword(
                            Print,
                        ),
                        offset: 19..24,
                        pos: Pos {
                            line: 1,
                            col: 18,
                        }..Pos {
                            line: 1,
                            col: 23,
                        },
                    },
                    expr: Span {
                        offset: 25..26,
                        pos: Pos {
                            line: 1,
                            col: 24,
                        }..Pos {
                            line: 1,
                            col: 25,
                        },
                        node: Num {
                            val: 1.0,
                        },
                    },
                },
            },
            else_keyword: Some(
                Token {
                    sigil: Keyword(
                        Else,
                    ),
                    offset: 35..39,
                    pos: Pos {
                        line: 2,
                        col: 8,
                    }..Pos {
                        line: 2,
                        col: 12,
                    },
                },
            ),
            alt_branch: Some(
                Span {
                    offset: 40..78,
                    pos: Pos {
                        line: 2,
                        col: 13,
                    }..Pos {
                        line: 3,
                        col: 20,
                    },
                    node: If {
                        keyword: Token {
                            sigil: Keyword(
                                If,
                            ),
                            offset: 40..42,
                            pos: Pos {
                                line: 2,
                                col: 13,
                            }..Pos {
                                line: 2,
                                col: 15,
                            },
                        },
                        condition: Span {
                            offset: 43..44,
                            pos: Pos {
                                line: 2,
                                col: 16,
                            }..Pos {
                                line: 2,
                                col: 17,
                            },
                            node: Var {
                                name: "y",
                            },
                        },
                        then_keyword: Token {
                            sigil: Keyword(
                                Then,
                            ),
                            offset: 45..49,
                            pos: Pos {
                                line: 2,
                                col: 18,
                            }..Pos {
                                line: 2,
                                col: 22,
                            },
                        },
                        cons_branch: Span {
                            offset: 50..57,
                            pos: Pos {
                                line: 2,
                                col: 23,
                            }..Pos {
                                line: 2,
                                col: 30,
                            },
                            node: Print {
                                keyword: Token {
                                    sigil: Keyword(
                                        Print,
                                    ),
                                    offset: 50..55,
                                    pos: Pos {
                                        line: 2,
                                        col: 23,
                                    }..Pos {
                                        line: 2,
                                        col: 28,
                                    },
                                },
                                expr: Span {
                                    offset: 56..57,
                                    pos: Pos {
                                        line: 2,
                                        col: 29,
                                    }..Pos {
                                        line: 2,
                                        col: 30,
                                    },
                                    node: Num {
                                        val: 2.0,
                                    },
                                },
                            },
                        },
                        else_keyword: Some(
                            Token {
                                sigil: Keyword(
                                    Else,
                                ),
                                offset: 66..70,
                                pos: Pos {
                                    line: 3,
                                    col: 8,
                                }..Pos {
                                    line: 3,
                                    col: 12,
                                },
                            },
                        ),
                        alt_branch: Some(
                            Span {
                                offset: 71..78,
                                pos: Pos {
                                    line: 3,
                                    col: 13,
                                }..Pos {
                                    line: 3,
                                    col: 20,
                                },
                                node: Print {
                                    keyword: Token {
                                        sigil: Keyword(
                                            Print,
                                        ),
                                        offset: 71..76,
                                        pos: Pos {
                                            line: 3,
                                            col: 13,
                                        }..Pos {
                                            line: 3,
                                            col: 18,
                                        },
                                    },
                                    expr: Span {
                                        offset: 77..78,
                                        pos: Pos {
                                            line: 3,
                                            col: 19,
                                        }..Pos {
                                            line: 3,
                                            col: 20,
                                        },
                                        node: Num {
                                            val: 3.0,
                                        },
                                    },
                                },
                            },
                        ),
                    },
                },
            ),
        },
    },
)
