---
source: src/parser.tests.rs
expression: ast
---
Ok(
    Node {
        range: 0..20,
        node: Print {
            keyword: Token {
                sigil: Keyword(
                    Print,
                ),
                range: 0..5,
            },
            expr: Node {
                range: 6..20,
                node: Str {
                    val: "hello\nworld",
                },
            },
        },
    },
)
