---
source: src/parser.tests.rs
expression: ast
---
Ok(
    Span {
        offset: 0..9,
        pos: Pos {
            line: 0,
            col: 0,
        }..Pos {
            line: 0,
            col: 9,
        },
        node: Return {
            keyword: Token {
                sigil: Keyword(
                    Return,
                ),
                offset: 0..6,
                pos: Pos {
                    line: 0,
                    col: 0,
                }..Pos {
                    line: 0,
                    col: 6,
                },
            },
            expr: Some(
                Span {
                    offset: 7..9,
                    pos: Pos {
                        line: 0,
                        col: 7,
                    }..Pos {
                        line: 0,
                        col: 9,
                    },
                    node: Num {
                        val: 42.0,
                    },
                },
            ),
        },
    },
)
