---
source: src/parser.tests.rs
expression: ast
---
Err(
    ParseError {
        expected: "semicolon or end of input",
        found: Some(
            Span {
                range: Pos {
                    offset: 2,
                    line: 0,
                    col: 2,
                }..Pos {
                    offset: 3,
                    line: 0,
                    col: 3,
                },
                node: Num {
                    val: 1.0,
                },
            },
        ),
    },
)
