---
source: src/lexer.tests.rs
expression: tokens
---
[
    Token {
        sigil: Keyword(
            Let,
        ),
        offset: 0..3,
        pos: Pos {
            line: 0,
            col: 0,
        }..Pos {
            line: 0,
            col: 3,
        },
    },
    Token {
        sigil: Ident {
            name: "x",
        },
        offset: 4..5,
        pos: Pos {
            line: 0,
            col: 4,
        }..Pos {
            line: 0,
            col: 5,
        },
    },
    Token {
        sigil: Eq,
        offset: 6..7,
        pos: Pos {
            line: 0,
            col: 6,
        }..Pos {
            line: 0,
            col: 7,
        },
    },
    Token {
        sigil: Comment {
            body: " block comment ",
        },
        offset: 8..27,
        pos: Pos {
            line: 0,
            col: 8,
        }..Pos {
            line: 0,
            col: 27,
        },
    },
    Token {
        sigil: Num {
            val: 1.0,
        },
        offset: 28..29,
        pos: Pos {
            line: 0,
            col: 28,
        }..Pos {
            line: 0,
            col: 29,
        },
    },
    Token {
        sigil: Semi,
        offset: 29..30,
        pos: Pos {
            line: 0,
            col: 29,
        }..Pos {
            line: 0,
            col: 30,
        },
    },
]
