---
source: src/parser.tests.rs
expression: ast
---
Ok(
    Span {
        offset: 0..35,
        pos: Pos {
            line: 0,
            col: 0,
        }..Pos {
            line: 0,
            col: 35,
        },
        node: Obj {
            brace_l: Token {
                sigil: CurlyL,
                offset: 0..1,
                pos: Pos {
                    line: 0,
                    col: 0,
                }..Pos {
                    line: 0,
                    col: 1,
                },
            },
            props: [
                (
                    "user",
                    Span {
                        offset: 8..33,
                        pos: Pos {
                            line: 0,
                            col: 8,
                        }..Pos {
                            line: 0,
                            col: 33,
                        },
                        node: Obj {
                            brace_l: Token {
                                sigil: CurlyL,
                                offset: 8..9,
                                pos: Pos {
                                    line: 0,
                                    col: 8,
                                }..Pos {
                                    line: 0,
                                    col: 9,
                                },
                            },
                            props: [
                                (
                                    "name",
                                    Span {
                                        offset: 16..22,
                                        pos: Pos {
                                            line: 0,
                                            col: 16,
                                        }..Pos {
                                            line: 0,
                                            col: 22,
                                        },
                                        node: Str {
                                            val: "john",
                                        },
                                    },
                                ),
                                (
                                    "age",
                                    Span {
                                        offset: 29..31,
                                        pos: Pos {
                                            line: 0,
                                            col: 29,
                                        }..Pos {
                                            line: 0,
                                            col: 31,
                                        },
                                        node: Num {
                                            val: 25.0,
                                        },
                                    },
                                ),
                            ],
                            brace_r: Token {
                                sigil: CurlyR,
                                offset: 32..33,
                                pos: Pos {
                                    line: 0,
                                    col: 32,
                                }..Pos {
                                    line: 0,
                                    col: 33,
                                },
                            },
                        },
                    },
                ),
            ],
            brace_r: Token {
                sigil: CurlyR,
                offset: 34..35,
                pos: Pos {
                    line: 0,
                    col: 34,
                }..Pos {
                    line: 0,
                    col: 35,
                },
            },
        },
    },
)
