---
source: src/parser.tests.rs
expression: ast
---
Ok(
    Span {
        offset: 9..125,
        pos: Pos {
            line: 1,
            col: 8,
        }..Pos {
            line: 4,
            col: 54,
        },
        node: FuncCall {
            callee: Span {
                offset: 9..110,
                pos: Pos {
                    line: 1,
                    col: 8,
                }..Pos {
                    line: 4,
                    col: 39,
                },
                node: PropAccess {
                    obj: Span {
                        offset: 9..85,
                        pos: Pos {
                            line: 1,
                            col: 8,
                        }..Pos {
                            line: 4,
                            col: 14,
                        },
                        node: PropAccess {
                            obj: Span {
                                offset: 9..80,
                                pos: Pos {
                                    line: 1,
                                    col: 8,
                                }..Pos {
                                    line: 4,
                                    col: 9,
                                },
                                node: FuncCall {
                                    callee: Span {
                                        offset: 9..13,
                                        pos: Pos {
                                            line: 1,
                                            col: 8,
                                        }..Pos {
                                            line: 1,
                                            col: 12,
                                        },
                                        node: Var {
                                            name: "func",
                                        },
                                    },
                                    paren_l: Token {
                                        sigil: ParenL,
                                        offset: 13..14,
                                        pos: Pos {
                                            line: 1,
                                            col: 12,
                                        }..Pos {
                                            line: 1,
                                            col: 13,
                                        },
                                    },
                                    args: [
                                        Span {
                                            offset: 27..28,
                                            pos: Pos {
                                                line: 2,
                                                col: 12,
                                            }..Pos {
                                                line: 2,
                                                col: 13,
                                            },
                                            node: Num {
                                                val: 1.0,
                                            },
                                        },
                                        Span {
                                            offset: 69..70,
                                            pos: Pos {
                                                line: 3,
                                                col: 24,
                                            }..Pos {
                                                line: 3,
                                                col: 25,
                                            },
                                            node: Num {
                                                val: 2.0,
                                            },
                                        },
                                    ],
                                    paren_r: Token {
                                        sigil: ParenR,
                                        offset: 79..80,
                                        pos: Pos {
                                            line: 4,
                                            col: 8,
                                        }..Pos {
                                            line: 4,
                                            col: 9,
                                        },
                                    },
                                },
                            },
                            dot_tok: Token {
                                sigil: Dot,
                                offset: 80..81,
                                pos: Pos {
                                    line: 4,
                                    col: 9,
                                }..Pos {
                                    line: 4,
                                    col: 10,
                                },
                            },
                            prop: "prop",
                        },
                    },
                    dot_tok: Token {
                        sigil: Dot,
                        offset: 100..101,
                        pos: Pos {
                            line: 4,
                            col: 29,
                        }..Pos {
                            line: 4,
                            col: 30,
                        },
                    },
                    prop: "toString",
                },
            },
            paren_l: Token {
                sigil: ParenL,
                offset: 111..112,
                pos: Pos {
                    line: 4,
                    col: 40,
                }..Pos {
                    line: 4,
                    col: 41,
                },
            },
            args: [],
            paren_r: Token {
                sigil: ParenR,
                offset: 124..125,
                pos: Pos {
                    line: 4,
                    col: 53,
                }..Pos {
                    line: 4,
                    col: 54,
                },
            },
        },
    },
)
