---
source: src/parser.tests.rs
expression: ast
---
Err(
    ParseError {
        expected: "expression",
        found: Some(
            Token {
                sigil: Keyword(
                    Else,
                ),
                offset: 15..19,
                pos: Pos {
                    line: 0,
                    col: 15,
                }..Pos {
                    line: 0,
                    col: 19,
                },
            },
        ),
    },
)
