---
source: src/parser.tests.rs
expression: ast
---
Err(
    ParseError {
        expected: "expression",
        found: Some(
            Token {
                sigil: Semi,
                offset: 0..1,
                pos: Pos {
                    line: 0,
                    col: 0,
                }..Pos {
                    line: 0,
                    col: 1,
                },
            },
        ),
    },
)
