---
source: src/parser.tests.rs
expression: ast
---
Ok(
    Span {
        offset: 0..11,
        pos: Pos {
            line: 0,
            col: 0,
        }..Pos {
            line: 0,
            col: 11,
        },
        node: BinOp {
            left: Span {
                offset: 0..7,
                pos: Pos {
                    line: 0,
                    col: 0,
                }..Pos {
                    line: 0,
                    col: 7,
                },
                node: BinOp {
                    left: Span {
                        offset: 1..2,
                        pos: Pos {
                            line: 0,
                            col: 1,
                        }..Pos {
                            line: 0,
                            col: 2,
                        },
                        node: Num {
                            val: 1.0,
                        },
                    },
                    op: Add,
                    op_tok: Token {
                        sigil: Plus,
                        offset: 3..4,
                        pos: Pos {
                            line: 0,
                            col: 3,
                        }..Pos {
                            line: 0,
                            col: 4,
                        },
                    },
                    right: Span {
                        offset: 5..6,
                        pos: Pos {
                            line: 0,
                            col: 5,
                        }..Pos {
                            line: 0,
                            col: 6,
                        },
                        node: Num {
                            val: 2.0,
                        },
                    },
                },
            },
            op: Mul,
            op_tok: Token {
                sigil: Star,
                offset: 8..9,
                pos: Pos {
                    line: 0,
                    col: 8,
                }..Pos {
                    line: 0,
                    col: 9,
                },
            },
            right: Span {
                offset: 10..11,
                pos: Pos {
                    line: 0,
                    col: 10,
                }..Pos {
                    line: 0,
                    col: 11,
                },
                node: Num {
                    val: 3.0,
                },
            },
        },
    },
)
