---
source: src/parser.tests.rs
expression: ast
---
Err(
    ParseError {
        expected: "semicolon or end of input",
        found: Some(
            Token {
                sigil: Num {
                    val: 1.0,
                },
                offset: 2..3,
                pos: Pos {
                    line: 0,
                    col: 2,
                }..Pos {
                    line: 0,
                    col: 3,
                },
            },
        ),
    },
)
