---
source: src/parser.tests.rs
expression: ast
---
Ok(
    Span {
        range: Pos {
            offset: 0,
            line: 0,
            col: 0,
        }..Pos {
            offset: 19,
            line: 0,
            col: 19,
        },
        node: BinOp {
            left: Span {
                range: Pos {
                    offset: 0,
                    line: 0,
                    col: 0,
                }..Pos {
                    offset: 14,
                    line: 0,
                    col: 14,
                },
                node: BinOp {
                    left: Span {
                        range: Pos {
                            offset: 0,
                            line: 0,
                            col: 0,
                        }..Pos {
                            offset: 10,
                            line: 0,
                            col: 10,
                        },
                        node: BinOp {
                            left: Span {
                                range: Pos {
                                    offset: 0,
                                    line: 0,
                                    col: 0,
                                }..Pos {
                                    offset: 5,
                                    line: 0,
                                    col: 5,
                                },
                                node: BinOp {
                                    left: Span {
                                        range: Pos {
                                            offset: 0,
                                            line: 0,
                                            col: 0,
                                        }..Pos {
                                            offset: 1,
                                            line: 0,
                                            col: 1,
                                        },
                                        node: Var {
                                            name: "a",
                                        },
                                    },
                                    op: Less,
                                    op_tok: Token {
                                        sigil: Less,
                                        range: Pos {
                                            offset: 2,
                                            line: 0,
                                            col: 2,
                                        }..Pos {
                                            offset: 3,
                                            line: 0,
                                            col: 3,
                                        },
                                    },
                                    right: Span {
                                        range: Pos {
                                            offset: 4,
                                            line: 0,
                                            col: 4,
                                        }..Pos {
                                            offset: 5,
                                            line: 0,
                                            col: 5,
                                        },
                                        node: Var {
                                            name: "b",
                                        },
                                    },
                                },
                            },
                            op: LessEq,
                            op_tok: Token {
                                sigil: LessEq,
                                range: Pos {
                                    offset: 6,
                                    line: 0,
                                    col: 6,
                                }..Pos {
                                    offset: 8,
                                    line: 0,
                                    col: 8,
                                },
                            },
                            right: Span {
                                range: Pos {
                                    offset: 9,
                                    line: 0,
                                    col: 9,
                                }..Pos {
                                    offset: 10,
                                    line: 0,
                                    col: 10,
                                },
                                node: Var {
                                    name: "c",
                                },
                            },
                        },
                    },
                    op: Greater,
                    op_tok: Token {
                        sigil: Greater,
                        range: Pos {
                            offset: 11,
                            line: 0,
                            col: 11,
                        }..Pos {
                            offset: 12,
                            line: 0,
                            col: 12,
                        },
                    },
                    right: Span {
                        range: Pos {
                            offset: 13,
                            line: 0,
                            col: 13,
                        }..Pos {
                            offset: 14,
                            line: 0,
                            col: 14,
                        },
                        node: Var {
                            name: "d",
                        },
                    },
                },
            },
            op: GreaterEq,
            op_tok: Token {
                sigil: GreaterEq,
                range: Pos {
                    offset: 15,
                    line: 0,
                    col: 15,
                }..Pos {
                    offset: 17,
                    line: 0,
                    col: 17,
                },
            },
            right: Span {
                range: Pos {
                    offset: 18,
                    line: 0,
                    col: 18,
                }..Pos {
                    offset: 19,
                    line: 0,
                    col: 19,
                },
                node: Var {
                    name: "e",
                },
            },
        },
    },
)
