---
source: src/parser.tests.rs
expression: ast
---
Ok(
    Span {
        range: Pos {
            offset: 0,
            line: 0,
            col: 0,
        }..Pos {
            offset: 12,
            line: 0,
            col: 12,
        },
        node: Lambda {
            pipe_l: Token {
                sigil: Pipe,
                range: Pos {
                    offset: 0,
                    line: 0,
                    col: 0,
                }..Pos {
                    offset: 1,
                    line: 0,
                    col: 1,
                },
            },
            params: [
                "x",
                "y",
            ],
            pipe_r: Token {
                sigil: Pipe,
                range: Pos {
                    offset: 5,
                    line: 0,
                    col: 5,
                }..Pos {
                    offset: 6,
                    line: 0,
                    col: 6,
                },
            },
            body: Span {
                range: Pos {
                    offset: 7,
                    line: 0,
                    col: 7,
                }..Pos {
                    offset: 12,
                    line: 0,
                    col: 12,
                },
                node: Expr {
                    expr: Span {
                        range: Pos {
                            offset: 7,
                            line: 0,
                            col: 7,
                        }..Pos {
                            offset: 12,
                            line: 0,
                            col: 12,
                        },
                        node: BinOp {
                            left: Span {
                                range: Pos {
                                    offset: 7,
                                    line: 0,
                                    col: 7,
                                }..Pos {
                                    offset: 8,
                                    line: 0,
                                    col: 8,
                                },
                                node: Var {
                                    name: "x",
                                },
                            },
                            op: Add,
                            op_tok: Token {
                                sigil: Plus,
                                range: Pos {
                                    offset: 9,
                                    line: 0,
                                    col: 9,
                                }..Pos {
                                    offset: 10,
                                    line: 0,
                                    col: 10,
                                },
                            },
                            right: Span {
                                range: Pos {
                                    offset: 11,
                                    line: 0,
                                    col: 11,
                                }..Pos {
                                    offset: 12,
                                    line: 0,
                                    col: 12,
                                },
                                node: Var {
                                    name: "y",
                                },
                            },
                        },
                    },
                },
            },
        },
    },
)
