---
source: src/lexer.tests.rs
expression: tokens
---
[
    Token {
        sigil: Ident {
            name: "a",
        },
        range: Pos {
            offset: 0,
            line: 0,
            col: 0,
        }..Pos {
            offset: 1,
            line: 0,
            col: 1,
        },
    },
    Token {
        sigil: Less,
        range: Pos {
            offset: 2,
            line: 0,
            col: 2,
        }..Pos {
            offset: 3,
            line: 0,
            col: 3,
        },
    },
    Token {
        sigil: Ident {
            name: "b",
        },
        range: Pos {
            offset: 4,
            line: 0,
            col: 4,
        }..Pos {
            offset: 5,
            line: 0,
            col: 5,
        },
    },
    Token {
        sigil: LessEq,
        range: Pos {
            offset: 6,
            line: 0,
            col: 6,
        }..Pos {
            offset: 8,
            line: 0,
            col: 8,
        },
    },
    Token {
        sigil: Ident {
            name: "c",
        },
        range: Pos {
            offset: 9,
            line: 0,
            col: 9,
        }..Pos {
            offset: 10,
            line: 0,
            col: 10,
        },
    },
    Token {
        sigil: Greater,
        range: Pos {
            offset: 11,
            line: 0,
            col: 11,
        }..Pos {
            offset: 12,
            line: 0,
            col: 12,
        },
    },
    Token {
        sigil: Ident {
            name: "d",
        },
        range: Pos {
            offset: 13,
            line: 0,
            col: 13,
        }..Pos {
            offset: 14,
            line: 0,
            col: 14,
        },
    },
    Token {
        sigil: GreaterEq,
        range: Pos {
            offset: 15,
            line: 0,
            col: 15,
        }..Pos {
            offset: 17,
            line: 0,
            col: 17,
        },
    },
    Token {
        sigil: Ident {
            name: "e",
        },
        range: Pos {
            offset: 18,
            line: 0,
            col: 18,
        }..Pos {
            offset: 19,
            line: 0,
            col: 19,
        },
    },
]
