---
source: src/parser.tests.rs
expression: ast
---
Err(
    ParseError {
        expected: "opening parenthesis of function parameters",
        found: Some(
            Token {
                sigil: CurlyL,
                offset: 7..8,
                pos: Pos {
                    line: 0,
                    col: 7,
                }..Pos {
                    line: 0,
                    col: 8,
                },
            },
        ),
    },
)
