---
source: src/parser.tests.rs
expression: ast
---
Ok(
    Span {
        offset: 0..17,
        pos: Pos {
            line: 0,
            col: 0,
        }..Pos {
            line: 0,
            col: 17,
        },
        node: If {
            keyword: Token {
                sigil: Keyword(
                    If,
                ),
                offset: 0..2,
                pos: Pos {
                    line: 0,
                    col: 0,
                }..Pos {
                    line: 0,
                    col: 2,
                },
            },
            condition: Span {
                offset: 3..4,
                pos: Pos {
                    line: 0,
                    col: 3,
                }..Pos {
                    line: 0,
                    col: 4,
                },
                node: Num {
                    val: 1.0,
                },
            },
            then_keyword: Token {
                sigil: Keyword(
                    Then,
                ),
                offset: 5..9,
                pos: Pos {
                    line: 0,
                    col: 5,
                }..Pos {
                    line: 0,
                    col: 9,
                },
            },
            cons_branch: Span {
                offset: 10..17,
                pos: Pos {
                    line: 0,
                    col: 10,
                }..Pos {
                    line: 0,
                    col: 17,
                },
                node: Print {
                    keyword: Token {
                        sigil: Keyword(
                            Print,
                        ),
                        offset: 10..15,
                        pos: Pos {
                            line: 0,
                            col: 10,
                        }..Pos {
                            line: 0,
                            col: 15,
                        },
                    },
                    expr: Span {
                        offset: 16..17,
                        pos: Pos {
                            line: 0,
                            col: 16,
                        }..Pos {
                            line: 0,
                            col: 17,
                        },
                        node: Num {
                            val: 1.0,
                        },
                    },
                },
            },
            else_keyword: None,
            alt_branch: None,
        },
    },
)
