---
source: src/parser.tests.rs
expression: ast
---
Ok(
    Span {
        range: Pos {
            offset: 0,
            line: 0,
            col: 0,
        }..Pos {
            offset: 10,
            line: 0,
            col: 10,
        },
        node: BinOp {
            left: Span {
                range: Pos {
                    offset: 0,
                    line: 0,
                    col: 0,
                }..Pos {
                    offset: 1,
                    line: 0,
                    col: 1,
                },
                node: Num {
                    val: 1.0,
                },
            },
            op: Span {
                range: Pos {
                    offset: 2,
                    line: 0,
                    col: 2,
                }..Pos {
                    offset: 3,
                    line: 0,
                    col: 3,
                },
                node: Add,
            },
            right: Span {
                range: Pos {
                    offset: 4,
                    line: 0,
                    col: 4,
                }..Pos {
                    offset: 10,
                    line: 0,
                    col: 10,
                },
                node: BinOp {
                    left: Span {
                        range: Pos {
                            offset: 4,
                            line: 0,
                            col: 4,
                        }..Pos {
                            offset: 6,
                            line: 0,
                            col: 6,
                        },
                        node: UnaryOp {
                            op: Span {
                                range: Pos {
                                    offset: 4,
                                    line: 0,
                                    col: 4,
                                }..Pos {
                                    offset: 5,
                                    line: 0,
                                    col: 5,
                                },
                                node: Neg,
                            },
                            expr: Span {
                                range: Pos {
                                    offset: 5,
                                    line: 0,
                                    col: 5,
                                }..Pos {
                                    offset: 6,
                                    line: 0,
                                    col: 6,
                                },
                                node: Num {
                                    val: 2.0,
                                },
                            },
                        },
                    },
                    op: Span {
                        range: Pos {
                            offset: 7,
                            line: 0,
                            col: 7,
                        }..Pos {
                            offset: 8,
                            line: 0,
                            col: 8,
                        },
                        node: Mul,
                    },
                    right: Span {
                        range: Pos {
                            offset: 9,
                            line: 0,
                            col: 9,
                        }..Pos {
                            offset: 10,
                            line: 0,
                            col: 10,
                        },
                        node: Num {
                            val: 3.0,
                        },
                    },
                },
            },
        },
    },
)
