---
source: src/parser.tests.rs
expression: ast
---
Ok(
    Span {
        offset: 0..20,
        pos: Pos {
            line: 0,
            col: 0,
        }..Pos {
            line: 0,
            col: 20,
        },
        node: Let {
            keyword: Token {
                sigil: Keyword(
                    Let,
                ),
                offset: 0..3,
                pos: Pos {
                    line: 0,
                    col: 0,
                }..Pos {
                    line: 0,
                    col: 3,
                },
            },
            pat: Span {
                offset: 4..14,
                pos: Pos {
                    line: 0,
                    col: 4,
                }..Pos {
                    line: 0,
                    col: 14,
                },
                node: Obj {
                    brace_l: Token {
                        sigil: CurlyL,
                        offset: 4..5,
                        pos: Pos {
                            line: 0,
                            col: 4,
                        }..Pos {
                            line: 0,
                            col: 5,
                        },
                    },
                    props: [
                        (
                            "x",
                            Span {
                                offset: 5..6,
                                pos: Pos {
                                    line: 0,
                                    col: 5,
                                }..Pos {
                                    line: 0,
                                    col: 6,
                                },
                                node: Ident {
                                    name: "x",
                                },
                            },
                        ),
                        (
                            "y",
                            Span {
                                offset: 8..13,
                                pos: Pos {
                                    line: 0,
                                    col: 8,
                                }..Pos {
                                    line: 0,
                                    col: 13,
                                },
                                node: Default {
                                    pat: Span {
                                        offset: 8..9,
                                        pos: Pos {
                                            line: 0,
                                            col: 8,
                                        }..Pos {
                                            line: 0,
                                            col: 9,
                                        },
                                        node: Ident {
                                            name: "y",
                                        },
                                    },
                                    eq_tok: Token {
                                        sigil: Eq,
                                        offset: 10..11,
                                        pos: Pos {
                                            line: 0,
                                            col: 10,
                                        }..Pos {
                                            line: 0,
                                            col: 11,
                                        },
                                    },
                                    default: Span {
                                        offset: 12..13,
                                        pos: Pos {
                                            line: 0,
                                            col: 12,
                                        }..Pos {
                                            line: 0,
                                            col: 13,
                                        },
                                        node: Num {
                                            val: 2.0,
                                        },
                                    },
                                },
                            },
                        ),
                    ],
                    brace_r: Token {
                        sigil: CurlyR,
                        offset: 13..14,
                        pos: Pos {
                            line: 0,
                            col: 13,
                        }..Pos {
                            line: 0,
                            col: 14,
                        },
                    },
                },
            },
            eq_tok: Token {
                sigil: Eq,
                offset: 15..16,
                pos: Pos {
                    line: 0,
                    col: 15,
                }..Pos {
                    line: 0,
                    col: 16,
                },
            },
            init: Span {
                offset: 17..20,
                pos: Pos {
                    line: 0,
                    col: 17,
                }..Pos {
                    line: 0,
                    col: 20,
                },
                node: Var {
                    name: "obj",
                },
            },
        },
    },
)
