---
source: src/parser.tests.rs
expression: ast
---
Ok(
    Span {
        offset: 0..19,
        pos: Pos {
            line: 0,
            col: 0,
        }..Pos {
            line: 0,
            col: 19,
        },
        node: Assign {
            place: Span {
                offset: 0..11,
                pos: Pos {
                    line: 0,
                    col: 0,
                }..Pos {
                    line: 0,
                    col: 11,
                },
                node: PropAccess {
                    obj: Span {
                        offset: 0..6,
                        pos: Pos {
                            line: 0,
                            col: 0,
                        }..Pos {
                            line: 0,
                            col: 6,
                        },
                        node: FuncCall {
                            callee: Span {
                                offset: 0..4,
                                pos: Pos {
                                    line: 0,
                                    col: 0,
                                }..Pos {
                                    line: 0,
                                    col: 4,
                                },
                                node: Var {
                                    name: "func",
                                },
                            },
                            paren_l: Token {
                                sigil: ParenL,
                                offset: 4..5,
                                pos: Pos {
                                    line: 0,
                                    col: 4,
                                }..Pos {
                                    line: 0,
                                    col: 5,
                                },
                            },
                            args: [],
                            paren_r: Token {
                                sigil: ParenR,
                                offset: 5..6,
                                pos: Pos {
                                    line: 0,
                                    col: 5,
                                }..Pos {
                                    line: 0,
                                    col: 6,
                                },
                            },
                        },
                    },
                    dot_tok: Token {
                        sigil: Dot,
                        offset: 6..7,
                        pos: Pos {
                            line: 0,
                            col: 6,
                        }..Pos {
                            line: 0,
                            col: 7,
                        },
                    },
                    prop: "prop",
                },
            },
            eq_tok: Token {
                sigil: Eq,
                offset: 12..13,
                pos: Pos {
                    line: 0,
                    col: 12,
                }..Pos {
                    line: 0,
                    col: 13,
                },
            },
            expr: Span {
                offset: 14..19,
                pos: Pos {
                    line: 0,
                    col: 14,
                }..Pos {
                    line: 0,
                    col: 19,
                },
                node: BinOp {
                    left: Span {
                        offset: 14..15,
                        pos: Pos {
                            line: 0,
                            col: 14,
                        }..Pos {
                            line: 0,
                            col: 15,
                        },
                        node: Num {
                            val: 1.0,
                        },
                    },
                    op: Add,
                    op_tok: Token {
                        sigil: Plus,
                        offset: 16..17,
                        pos: Pos {
                            line: 0,
                            col: 16,
                        }..Pos {
                            line: 0,
                            col: 17,
                        },
                    },
                    right: Span {
                        offset: 18..19,
                        pos: Pos {
                            line: 0,
                            col: 18,
                        }..Pos {
                            line: 0,
                            col: 19,
                        },
                        node: Num {
                            val: 2.0,
                        },
                    },
                },
            },
        },
    },
)
