---
source: src/parser.tests.rs
expression: ast
---
Ok(
    Span {
        range: Pos {
            offset: 0,
            line: 0,
            col: 0,
        }..Pos {
            offset: 22,
            line: 0,
            col: 22,
        },
        node: Obj {
            brace_l: Token {
                sigil: CurlyL,
                range: Pos {
                    offset: 0,
                    line: 0,
                    col: 0,
                }..Pos {
                    offset: 1,
                    line: 0,
                    col: 1,
                },
            },
            props: [
                (
                    "x",
                    Span {
                        range: Pos {
                            offset: 5,
                            line: 0,
                            col: 5,
                        }..Pos {
                            offset: 10,
                            line: 0,
                            col: 10,
                        },
                        node: BinOp {
                            left: Span {
                                range: Pos {
                                    offset: 5,
                                    line: 0,
                                    col: 5,
                                }..Pos {
                                    offset: 6,
                                    line: 0,
                                    col: 6,
                                },
                                node: Num {
                                    val: 1.0,
                                },
                            },
                            op: Add,
                            op_tok: Token {
                                sigil: Plus,
                                range: Pos {
                                    offset: 7,
                                    line: 0,
                                    col: 7,
                                }..Pos {
                                    offset: 8,
                                    line: 0,
                                    col: 8,
                                },
                            },
                            right: Span {
                                range: Pos {
                                    offset: 9,
                                    line: 0,
                                    col: 9,
                                }..Pos {
                                    offset: 10,
                                    line: 0,
                                    col: 10,
                                },
                                node: Num {
                                    val: 2.0,
                                },
                            },
                        },
                    },
                ),
                (
                    "y",
                    Span {
                        range: Pos {
                            offset: 15,
                            line: 0,
                            col: 15,
                        }..Pos {
                            offset: 20,
                            line: 0,
                            col: 20,
                        },
                        node: BinOp {
                            left: Span {
                                range: Pos {
                                    offset: 15,
                                    line: 0,
                                    col: 15,
                                }..Pos {
                                    offset: 16,
                                    line: 0,
                                    col: 16,
                                },
                                node: Num {
                                    val: 3.0,
                                },
                            },
                            op: Mul,
                            op_tok: Token {
                                sigil: Star,
                                range: Pos {
                                    offset: 17,
                                    line: 0,
                                    col: 17,
                                }..Pos {
                                    offset: 18,
                                    line: 0,
                                    col: 18,
                                },
                            },
                            right: Span {
                                range: Pos {
                                    offset: 19,
                                    line: 0,
                                    col: 19,
                                }..Pos {
                                    offset: 20,
                                    line: 0,
                                    col: 20,
                                },
                                node: Num {
                                    val: 4.0,
                                },
                            },
                        },
                    },
                ),
            ],
            brace_r: Token {
                sigil: CurlyR,
                range: Pos {
                    offset: 21,
                    line: 0,
                    col: 21,
                }..Pos {
                    offset: 22,
                    line: 0,
                    col: 22,
                },
            },
        },
    },
)
