---
source: src/parser.tests.rs
expression: ast
---
Ok(
    Span {
        offset: 0..23,
        pos: Pos {
            line: 0,
            col: 0,
        }..Pos {
            line: 0,
            col: 23,
        },
        node: FuncDecl {
            keyword: Token {
                sigil: Keyword(
                    Fn,
                ),
                offset: 0..2,
                pos: Pos {
                    line: 0,
                    col: 0,
                }..Pos {
                    line: 0,
                    col: 2,
                },
            },
            name: "add",
            param_paren_l: Token {
                sigil: ParenL,
                offset: 6..7,
                pos: Pos {
                    line: 0,
                    col: 6,
                }..Pos {
                    line: 0,
                    col: 7,
                },
            },
            params: [
                "a",
                "b",
            ],
            param_paren_r: Token {
                sigil: ParenR,
                offset: 11..12,
                pos: Pos {
                    line: 0,
                    col: 11,
                }..Pos {
                    line: 0,
                    col: 12,
                },
            },
            body: Span {
                offset: 13..23,
                pos: Pos {
                    line: 0,
                    col: 13,
                }..Pos {
                    line: 0,
                    col: 23,
                },
                node: Block {
                    brace_l: Token {
                        sigil: CurlyL,
                        offset: 13..14,
                        pos: Pos {
                            line: 0,
                            col: 13,
                        }..Pos {
                            line: 0,
                            col: 14,
                        },
                    },
                    stmts: [
                        Span {
                            offset: 15..21,
                            pos: Pos {
                                line: 0,
                                col: 15,
                            }..Pos {
                                line: 0,
                                col: 21,
                            },
                            node: Return {
                                keyword: Token {
                                    sigil: Keyword(
                                        Return,
                                    ),
                                    offset: 15..21,
                                    pos: Pos {
                                        line: 0,
                                        col: 15,
                                    }..Pos {
                                        line: 0,
                                        col: 21,
                                    },
                                },
                                expr: None,
                            },
                        },
                    ],
                    brace_r: Token {
                        sigil: CurlyR,
                        offset: 22..23,
                        pos: Pos {
                            line: 0,
                            col: 22,
                        }..Pos {
                            line: 0,
                            col: 23,
                        },
                    },
                },
            },
        },
    },
)
