---
source: src/parser.tests.rs
expression: ast
---
Ok(
    Node {
        range: 0..2,
        node: Obj {
            brace_l: Token {
                sigil: CurlyL,
                range: 0..1,
            },
            props: [],
            brace_r: Token {
                sigil: CurlyR,
                range: 1..2,
            },
        },
    },
)
