---
source: src/parser.tests.rs
expression: ast
---
Ok(
    Span {
        offset: 0..14,
        pos: Pos {
            line: 0,
            col: 0,
        }..Pos {
            line: 0,
            col: 14,
        },
        node: Obj {
            brace_l: Token {
                sigil: CurlyL,
                offset: 0..1,
                pos: Pos {
                    line: 0,
                    col: 0,
                }..Pos {
                    line: 0,
                    col: 1,
                },
            },
            props: [
                (
                    "a",
                    Span {
                        offset: 5..6,
                        pos: Pos {
                            line: 0,
                            col: 5,
                        }..Pos {
                            line: 0,
                            col: 6,
                        },
                        node: Num {
                            val: 1.0,
                        },
                    },
                ),
                (
                    "b",
                    Span {
                        offset: 11..12,
                        pos: Pos {
                            line: 0,
                            col: 11,
                        }..Pos {
                            line: 0,
                            col: 12,
                        },
                        node: Num {
                            val: 2.0,
                        },
                    },
                ),
            ],
            brace_r: Token {
                sigil: CurlyR,
                offset: 13..14,
                pos: Pos {
                    line: 0,
                    col: 13,
                }..Pos {
                    line: 0,
                    col: 14,
                },
            },
        },
    },
)
