---
source: src/parser.tests.rs
expression: ast
---
Ok(
    Node {
        range: 0..23,
        node: FuncDecl {
            keyword: Token {
                sigil: Keyword(
                    Fn,
                ),
                range: 0..2,
            },
            name: "add",
            param_paren_l: Token {
                sigil: ParenL,
                range: 6..7,
            },
            params: [
                "a",
                "b",
            ],
            param_paren_r: Token {
                sigil: ParenR,
                range: 11..12,
            },
            body: Node {
                range: 13..23,
                node: Block {
                    brace_l: Token {
                        sigil: CurlyL,
                        range: 13..14,
                    },
                    stmts: [
                        Node {
                            range: 15..21,
                            node: Return {
                                keyword: Token {
                                    sigil: Keyword(
                                        Return,
                                    ),
                                    range: 15..21,
                                },
                                expr: None,
                            },
                        },
                    ],
                    brace_r: Token {
                        sigil: CurlyR,
                        range: 22..23,
                    },
                },
            },
        },
    },
)
