---
source: src/parser.tests.rs
expression: ast
---
Err(
    ParseError {
        expected: "expression",
        found: Some(
            Span {
                range: Pos {
                    offset: 0,
                    line: 0,
                    col: 0,
                }..Pos {
                    offset: 1,
                    line: 0,
                    col: 1,
                },
                node: Semi,
            },
        ),
    },
)
