---
source: src/parser.tests.rs
expression: ast
---
Err(
    ParseError {
        expected: "expression",
        found: Some(
            Token {
                sigil: Comma,
                offset: 5..6,
                pos: Pos {
                    line: 0,
                    col: 5,
                }..Pos {
                    line: 0,
                    col: 6,
                },
            },
        ),
    },
)
