---
source: src/parser.tests.rs
expression: ast
---
Ok(
    Span {
        offset: 0..6,
        pos: Pos {
            line: 0,
            col: 0,
        }..Pos {
            line: 0,
            col: 6,
        },
        node: Return {
            keyword: Token {
                sigil: Keyword(
                    Return,
                ),
                offset: 0..6,
                pos: Pos {
                    line: 0,
                    col: 0,
                }..Pos {
                    line: 0,
                    col: 6,
                },
            },
            expr: None,
        },
    },
)
