---
source: src/parser.tests.rs
expression: ast
---
Ok(
    Span {
        offset: 0..29,
        pos: Pos {
            line: 0,
            col: 0,
        }..Pos {
            line: 0,
            col: 29,
        },
        node: Obj {
            brace_l: Token {
                sigil: CurlyL,
                offset: 0..1,
                pos: Pos {
                    line: 0,
                    col: 0,
                }..Pos {
                    line: 0,
                    col: 1,
                },
            },
            props: [
                (
                    "name",
                    Span {
                        offset: 10..16,
                        pos: Pos {
                            line: 0,
                            col: 10,
                        }..Pos {
                            line: 0,
                            col: 16,
                        },
                        node: Str {
                            val: "john",
                        },
                    },
                ),
                (
                    "age",
                    Span {
                        offset: 25..27,
                        pos: Pos {
                            line: 0,
                            col: 25,
                        }..Pos {
                            line: 0,
                            col: 27,
                        },
                        node: Num {
                            val: 25.0,
                        },
                    },
                ),
            ],
            brace_r: Token {
                sigil: CurlyR,
                offset: 28..29,
                pos: Pos {
                    line: 0,
                    col: 28,
                }..Pos {
                    line: 0,
                    col: 29,
                },
            },
        },
    },
)
