---
source: src/lexer.tests.rs
expression: tokens
---
[
    Token {
        sigil: Keyword(
            Let,
        ),
        range: Pos {
            offset: 0,
            line: 0,
            col: 0,
        }..Pos {
            offset: 3,
            line: 0,
            col: 3,
        },
    },
    Token {
        sigil: Ident {
            name: "x",
        },
        range: Pos {
            offset: 4,
            line: 0,
            col: 4,
        }..Pos {
            offset: 5,
            line: 0,
            col: 5,
        },
    },
    Token {
        sigil: Eq,
        range: Pos {
            offset: 6,
            line: 0,
            col: 6,
        }..Pos {
            offset: 7,
            line: 0,
            col: 7,
        },
    },
    Token {
        sigil: Comment {
            body: " block comment ",
        },
        range: Pos {
            offset: 8,
            line: 0,
            col: 8,
        }..Pos {
            offset: 27,
            line: 0,
            col: 27,
        },
    },
    Token {
        sigil: Num {
            val: 1.0,
        },
        range: Pos {
            offset: 28,
            line: 0,
            col: 28,
        }..Pos {
            offset: 29,
            line: 0,
            col: 29,
        },
    },
    Token {
        sigil: Semi,
        range: Pos {
            offset: 29,
            line: 0,
            col: 29,
        }..Pos {
            offset: 30,
            line: 0,
            col: 30,
        },
    },
]
