---
source: src/parser.tests.rs
expression: ast
---
Ok(
    Span {
        range: Pos {
            offset: 0,
            line: 0,
            col: 0,
        }..Pos {
            offset: 20,
            line: 0,
            col: 20,
        },
        node: Print {
            keyword: Token {
                sigil: Keyword(
                    Print,
                ),
                range: Pos {
                    offset: 0,
                    line: 0,
                    col: 0,
                }..Pos {
                    offset: 5,
                    line: 0,
                    col: 5,
                },
            },
            expr: Span {
                range: Pos {
                    offset: 6,
                    line: 0,
                    col: 6,
                }..Pos {
                    offset: 20,
                    line: 0,
                    col: 20,
                },
                node: Str {
                    val: "hello\nworld",
                },
            },
        },
    },
)
