---
source: src/parser.tests.rs
expression: ast
---
Ok(
    Span {
        offset: 0..16,
        pos: Pos {
            line: 0,
            col: 0,
        }..Pos {
            line: 0,
            col: 16,
        },
        node: PropAccess {
            obj: Span {
                offset: 0..7,
                pos: Pos {
                    line: 0,
                    col: 0,
                }..Pos {
                    line: 0,
                    col: 7,
                },
                node: BinOp {
                    left: Span {
                        offset: 1..2,
                        pos: Pos {
                            line: 0,
                            col: 1,
                        }..Pos {
                            line: 0,
                            col: 2,
                        },
                        node: Num {
                            val: 1.0,
                        },
                    },
                    op: Add,
                    op_tok: Token {
                        sigil: Plus,
                        offset: 3..4,
                        pos: Pos {
                            line: 0,
                            col: 3,
                        }..Pos {
                            line: 0,
                            col: 4,
                        },
                    },
                    right: Span {
                        offset: 5..6,
                        pos: Pos {
                            line: 0,
                            col: 5,
                        }..Pos {
                            line: 0,
                            col: 6,
                        },
                        node: Num {
                            val: 2.0,
                        },
                    },
                },
            },
            dot_tok: Token {
                sigil: Dot,
                offset: 7..8,
                pos: Pos {
                    line: 0,
                    col: 7,
                }..Pos {
                    line: 0,
                    col: 8,
                },
            },
            prop: "toString",
        },
    },
)
