---
source: src/parser.tests.rs
expression: ast
---
Ok(
    Span {
        range: Pos {
            offset: 0,
            line: 0,
            col: 0,
        }..Pos {
            offset: 11,
            line: 0,
            col: 11,
        },
        node: PropAccess {
            obj: Span {
                range: Pos {
                    offset: 0,
                    line: 0,
                    col: 0,
                }..Pos {
                    offset: 6,
                    line: 0,
                    col: 6,
                },
                node: FuncCall {
                    callee: Span {
                        range: Pos {
                            offset: 0,
                            line: 0,
                            col: 0,
                        }..Pos {
                            offset: 4,
                            line: 0,
                            col: 4,
                        },
                        node: Var {
                            name: "func",
                        },
                    },
                    paren_l: Span {
                        range: Pos {
                            offset: 4,
                            line: 0,
                            col: 4,
                        }..Pos {
                            offset: 5,
                            line: 0,
                            col: 5,
                        },
                        node: (),
                    },
                    args: [],
                    paren_r: Span {
                        range: Pos {
                            offset: 5,
                            line: 0,
                            col: 5,
                        }..Pos {
                            offset: 6,
                            line: 0,
                            col: 6,
                        },
                        node: (),
                    },
                },
            },
            dot_tok: Span {
                range: Pos {
                    offset: 6,
                    line: 0,
                    col: 6,
                }..Pos {
                    offset: 7,
                    line: 0,
                    col: 7,
                },
                node: (),
            },
            prop: Span {
                range: Pos {
                    offset: 7,
                    line: 0,
                    col: 7,
                }..Pos {
                    offset: 11,
                    line: 0,
                    col: 11,
                },
                node: "prop",
            },
        },
    },
)
