---
source: src/parser.tests.rs
expression: ast
---
Err(
    ParseError {
        expected: "function name identifier",
        found: Some(
            Token {
                sigil: ParenL,
                offset: 3..4,
                pos: Pos {
                    line: 0,
                    col: 3,
                }..Pos {
                    line: 0,
                    col: 4,
                },
            },
        ),
    },
)
