---
source: src/parser.tests.rs
expression: ast
---
Ok(
    Node {
        range: 0..18,
        node: Let {
            keyword: Token {
                sigil: Keyword(
                    Let,
                ),
                range: 0..3,
            },
            pat: Node {
                range: 4..12,
                node: Obj {
                    brace_l: Token {
                        sigil: CurlyL,
                        range: 4..5,
                    },
                    props: [
                        (
                            "x",
                            Node {
                                range: 8..11,
                                node: Obj {
                                    brace_l: Token {
                                        sigil: CurlyL,
                                        range: 8..9,
                                    },
                                    props: [
                                        (
                                            "y",
                                            Node {
                                                range: 9..10,
                                                node: Ident {
                                                    name: "y",
                                                },
                                            },
                                        ),
                                    ],
                                    brace_r: Token {
                                        sigil: CurlyR,
                                        range: 10..11,
                                    },
                                },
                            },
                        ),
                    ],
                    brace_r: Token {
                        sigil: CurlyR,
                        range: 11..12,
                    },
                },
            },
            eq_tok: Token {
                sigil: Eq,
                range: 13..14,
            },
            init: Node {
                range: 15..18,
                node: Var {
                    name: "obj",
                },
            },
        },
    },
)
