---
source: src/parser.tests.rs
expression: ast
---
Err(
    ParseError {
        expected: "closing parenthesis of expression",
        found: Some(
            Token {
                sigil: Semi,
                offset: 6..7,
                pos: Pos {
                    line: 0,
                    col: 6,
                }..Pos {
                    line: 0,
                    col: 7,
                },
            },
        ),
    },
)
