---
source: src/lexer.tests.rs
expression: tokens
---
[
    Span {
        range: Pos {
            offset: 1,
            line: 0,
            col: 1,
        }..Pos {
            offset: 2,
            line: 0,
            col: 2,
        },
        node: Ident {
            name: "s",
        },
    },
    Span {
        range: Pos {
            offset: 3,
            line: 0,
            col: 3,
        }..Pos {
            offset: 4,
            line: 0,
            col: 4,
        },
        node: Eq,
    },
    Span {
        range: Pos {
            offset: 5,
            line: 0,
            col: 5,
        }..Pos {
            offset: 35,
            line: 0,
            col: 35,
        },
        node: Str {
            val: "hello\nworld\twith\\quotes\"",
        },
    },
]
