---
source: src/lexer.tests.rs
expression: tokens
---
[
    Token {
        sigil: Keyword(
            Let,
        ),
        range: Pos {
            offset: 0,
            line: 0,
            col: 0,
        }..Pos {
            offset: 3,
            line: 0,
            col: 3,
        },
    },
    Token {
        sigil: Ident {
            name: "x",
        },
        range: Pos {
            offset: 4,
            line: 0,
            col: 4,
        }..Pos {
            offset: 5,
            line: 0,
            col: 5,
        },
    },
    Token {
        sigil: Eq,
        range: Pos {
            offset: 6,
            line: 0,
            col: 6,
        }..Pos {
            offset: 7,
            line: 0,
            col: 7,
        },
    },
    Token {
        sigil: Num {
            val: 1.0,
        },
        range: Pos {
            offset: 8,
            line: 0,
            col: 8,
        }..Pos {
            offset: 9,
            line: 0,
            col: 9,
        },
    },
    Token {
        sigil: Semi,
        range: Pos {
            offset: 9,
            line: 0,
            col: 9,
        }..Pos {
            offset: 10,
            line: 0,
            col: 10,
        },
    },
    Token {
        sigil: Comment {
            body: " this is a comment",
        },
        range: Pos {
            offset: 11,
            line: 0,
            col: 11,
        }..Pos {
            offset: 31,
            line: 0,
            col: 31,
        },
    },
    Token {
        sigil: Keyword(
            Print,
        ),
        range: Pos {
            offset: 32,
            line: 1,
            col: 0,
        }..Pos {
            offset: 37,
            line: 1,
            col: 5,
        },
    },
    Token {
        sigil: Ident {
            name: "x",
        },
        range: Pos {
            offset: 38,
            line: 1,
            col: 6,
        }..Pos {
            offset: 39,
            line: 1,
            col: 7,
        },
    },
]
