---
source: src/parser.tests.rs
expression: ast
---
Ok(
    Node {
        range: 0..6,
        node: Return {
            keyword: Token {
                sigil: Keyword(
                    Return,
                ),
                range: 0..6,
            },
            expr: None,
        },
    },
)
