---
source: src/parser.tests.rs
expression: ast
---
Ok(
    Span {
        offset: 0..12,
        pos: Pos {
            line: 0,
            col: 0,
        }..Pos {
            line: 0,
            col: 12,
        },
        node: FuncCall {
            callee: Span {
                offset: 0..10,
                pos: Pos {
                    line: 0,
                    col: 0,
                }..Pos {
                    line: 0,
                    col: 10,
                },
                node: PropAccess {
                    obj: Span {
                        offset: 0..3,
                        pos: Pos {
                            line: 0,
                            col: 0,
                        }..Pos {
                            line: 0,
                            col: 3,
                        },
                        node: Var {
                            name: "obj",
                        },
                    },
                    dot_tok: Token {
                        sigil: Dot,
                        offset: 3..4,
                        pos: Pos {
                            line: 0,
                            col: 3,
                        }..Pos {
                            line: 0,
                            col: 4,
                        },
                    },
                    prop: "method",
                },
            },
            paren_l: Token {
                sigil: ParenL,
                offset: 10..11,
                pos: Pos {
                    line: 0,
                    col: 10,
                }..Pos {
                    line: 0,
                    col: 11,
                },
            },
            args: [],
            paren_r: Token {
                sigil: ParenR,
                offset: 11..12,
                pos: Pos {
                    line: 0,
                    col: 11,
                }..Pos {
                    line: 0,
                    col: 12,
                },
            },
        },
    },
)
