---
source: src/parser.tests.rs
expression: ast
---
Err(
    ParseError {
        expected: "comma or closing parenthesis of function arguments",
        found: Some(
            Token {
                sigil: Ident {
                    name: "b",
                },
                offset: 7..8,
                pos: Pos {
                    line: 0,
                    col: 7,
                }..Pos {
                    line: 0,
                    col: 8,
                },
            },
        ),
    },
)
