---
source: src/parser.tests.rs
expression: ast
---
Ok(
    Span {
        offset: 0..18,
        pos: Pos {
            line: 0,
            col: 0,
        }..Pos {
            line: 0,
            col: 18,
        },
        node: BinOp {
            left: Span {
                offset: 0..7,
                pos: Pos {
                    line: 0,
                    col: 0,
                }..Pos {
                    line: 0,
                    col: 7,
                },
                node: Str {
                    val: "hello",
                },
            },
            op: Concat,
            op_tok: Token {
                sigil: PlusPlus,
                offset: 8..10,
                pos: Pos {
                    line: 0,
                    col: 8,
                }..Pos {
                    line: 0,
                    col: 10,
                },
            },
            right: Span {
                offset: 11..18,
                pos: Pos {
                    line: 0,
                    col: 11,
                }..Pos {
                    line: 0,
                    col: 18,
                },
                node: Str {
                    val: "world",
                },
            },
        },
    },
)
