---
source: src/lexer.tests.rs
expression: tokens
---
[
    Token {
        sigil: Keyword(
            Let,
        ),
        offset: 0..3,
        pos: Pos {
            line: 0,
            col: 0,
        }..Pos {
            line: 0,
            col: 3,
        },
    },
    Token {
        sigil: Ident {
            name: "x",
        },
        offset: 4..5,
        pos: Pos {
            line: 0,
            col: 4,
        }..Pos {
            line: 0,
            col: 5,
        },
    },
    Token {
        sigil: Eq,
        offset: 6..7,
        pos: Pos {
            line: 0,
            col: 6,
        }..Pos {
            line: 0,
            col: 7,
        },
    },
    Token {
        sigil: Num {
            val: 5.0,
        },
        offset: 8..9,
        pos: Pos {
            line: 0,
            col: 8,
        }..Pos {
            line: 0,
            col: 9,
        },
    },
    Token {
        sigil: Semi,
        offset: 9..10,
        pos: Pos {
            line: 0,
            col: 9,
        }..Pos {
            line: 0,
            col: 10,
        },
    },
]
