---
source: src/lexer.tests.rs
expression: tokens
---
[
    Token {
        sigil: Ident {
            name: "s",
        },
        offset: 1..2,
        pos: Pos {
            line: 0,
            col: 1,
        }..Pos {
            line: 0,
            col: 2,
        },
    },
    Token {
        sigil: Eq,
        offset: 3..4,
        pos: Pos {
            line: 0,
            col: 3,
        }..Pos {
            line: 0,
            col: 4,
        },
    },
    Token {
        sigil: Str {
            val: "hello\nworld\twith\\quotes\"",
        },
        offset: 5..35,
        pos: Pos {
            line: 0,
            col: 5,
        }..Pos {
            line: 0,
            col: 35,
        },
    },
]
