---
source: src/lexer.tests.rs
expression: tokens
---
[
    Token {
        sigil: Keyword(
            Let,
        ),
        range: Pos {
            offset: 0,
            line: 0,
            col: 0,
        }..Pos {
            offset: 3,
            line: 0,
            col: 3,
        },
    },
    Token {
        sigil: Ident {
            name: "x",
        },
        range: Pos {
            offset: 4,
            line: 0,
            col: 4,
        }..Pos {
            offset: 5,
            line: 0,
            col: 5,
        },
    },
    Token {
        sigil: Eq,
        range: Pos {
            offset: 6,
            line: 0,
            col: 6,
        }..Pos {
            offset: 7,
            line: 0,
            col: 7,
        },
    },
    Token {
        sigil: Num {
            val: 5.0,
        },
        range: Pos {
            offset: 8,
            line: 0,
            col: 8,
        }..Pos {
            offset: 9,
            line: 0,
            col: 9,
        },
    },
    Token {
        sigil: Semi,
        range: Pos {
            offset: 9,
            line: 0,
            col: 9,
        }..Pos {
            offset: 10,
            line: 0,
            col: 10,
        },
    },
]
