---
source: src/lexer.tests.rs
expression: tokens
---
[
    Token {
        sigil: Keyword(
            Let,
        ),
        range: 0..3,
    },
    Token {
        sigil: Ident {
            name: "x",
        },
        range: 4..5,
    },
    Token {
        sigil: Eq,
        range: 6..7,
    },
    Token {
        sigil: Comment {
            body: " block comment ",
        },
        range: 8..27,
    },
    Token {
        sigil: Num {
            val: 1.0,
        },
        range: 28..29,
    },
    Token {
        sigil: Semi,
        range: 29..30,
    },
]
