---
source: src/parser.tests.rs
expression: ast
---
Ok(
    Node {
        range: 0..17,
        node: If {
            keyword: Token {
                sigil: Keyword(
                    If,
                ),
                range: 0..2,
            },
            condition: Node {
                range: 3..4,
                node: Num {
                    val: 1.0,
                },
            },
            then_keyword: Token {
                sigil: Keyword(
                    Then,
                ),
                range: 5..9,
            },
            cons_branch: Node {
                range: 10..17,
                node: Print {
                    keyword: Token {
                        sigil: Keyword(
                            Print,
                        ),
                        range: 10..15,
                    },
                    expr: Node {
                        range: 16..17,
                        node: Num {
                            val: 1.0,
                        },
                    },
                },
            },
            else_keyword: None,
            alt_branch: None,
        },
    },
)
