---
source: src/parser.tests.rs
expression: ast
---
Ok(
    Span {
        offset: 0..17,
        pos: Pos {
            line: 0,
            col: 0,
        }..Pos {
            line: 0,
            col: 17,
        },
        node: FuncDecl {
            keyword: Token {
                sigil: Keyword(
                    Fn,
                ),
                offset: 0..2,
                pos: Pos {
                    line: 0,
                    col: 0,
                }..Pos {
                    line: 0,
                    col: 2,
                },
            },
            name: "sayHello",
            param_paren_l: Token {
                sigil: ParenL,
                offset: 11..12,
                pos: Pos {
                    line: 0,
                    col: 11,
                }..Pos {
                    line: 0,
                    col: 12,
                },
            },
            params: [],
            param_paren_r: Token {
                sigil: ParenR,
                offset: 12..13,
                pos: Pos {
                    line: 0,
                    col: 12,
                }..Pos {
                    line: 0,
                    col: 13,
                },
            },
            body: Span {
                offset: 14..17,
                pos: Pos {
                    line: 0,
                    col: 14,
                }..Pos {
                    line: 0,
                    col: 17,
                },
                node: Block {
                    brace_l: Token {
                        sigil: CurlyL,
                        offset: 14..15,
                        pos: Pos {
                            line: 0,
                            col: 14,
                        }..Pos {
                            line: 0,
                            col: 15,
                        },
                    },
                    stmts: [],
                    brace_r: Token {
                        sigil: CurlyR,
                        offset: 16..17,
                        pos: Pos {
                            line: 0,
                            col: 16,
                        }..Pos {
                            line: 0,
                            col: 17,
                        },
                    },
                },
            },
        },
    },
)
